node.exe : npm warn Unknown env config "devdir". This will stop working in the next major version of npm. See `npm 
help npmrc` for supported config options.
At line:1 char:1
+ & "C:\Program Files\nodejs/node.exe" "C:\Program Files\nodejs/node_mo ...
+ ~~~~~~~~~~~~~~~~~~~~~~~~~~~~~~~~~~~~~~~~~~~~~~~~~~~~~~~~~~~~~~~~~~~~~
    + CategoryInfo          : NotSpecified: (npm warn Unknow...config options.:String) [], RemoteException
    + FullyQualifiedErrorId : NativeCommandError
 

> johnpatmusic@0.1.0 build
> next build

Γû▓ Next.js 16.2.10 (Turbopack)

  Creating an optimized production build ...
Γ£ô Compiled successfully in 8.3s
  Running TypeScript ...
  Finished TypeScript in 6.3s ...
  Collecting page data using 7 workers ...
  Generating static pages using 7 workers (0/20) ...
  Generating static pages using 7 workers (5/20) 
  Generating static pages using 7 workers (10/20) 
  Generating static pages using 7 workers (15/20) 
Γ£ô Generating static pages using 7 workers (20/20) in 718ms
  Finalizing page optimization ...

Route (app)
Γöî Γùï /
Γö£ Γùï /_not-found
Γö£ Γùï /about
Γö£ Γùï /catalog
Γö£ ╞Æ /contact
Γö£ Γùï /for-artists
Γö£ Γùï /robots.txt
Γö£ Γùï /sitemap.xml
Γöö ΓùÅ /songs/[slug]
  Γö£ /songs/what-it-takes
  Γö£ /songs/she-only-looks-at-me-that-way
  Γö£ /songs/can-i-come-along
  Γöö [+7 more paths]


Γùï  (Static)   prerendered as static content
ΓùÅ  (SSG)      prerendered as static HTML (uses generateStaticParams)
╞Æ  (Dynamic)  server-rendered on demand

npm notice
npm notice New major version of npm available! 11.16.0 -> 12.0.1
npm notice Changelog: https://github.com/npm/cli/releases/tag/v12.0.1
npm notice To update run: npm install -g npm@12.0.1
npm notice
